// Jest Snapshot v1, https://jestjs.io/docs/snapshot-testing

exports[`Dashboard page contains all the control components 1`] = `
<body>
  <div>
    <div
      class="MuiGrid-root MuiGrid-container MuiGrid-direction-xs-row MuiGrid-spacing-xs-2 css-11txoxl-MuiGrid-root-container"
    >
      <div
        class="MuiGrid-root MuiGrid-direction-xs-row MuiGrid-grid-xs-12 MuiGrid-grid-md-3 css-lvb8h-MuiGrid-root"
      >
        <mock-switches-card />
        <mock-homesec />
        <mock-url-to-music />
        <mock-log-card />
      </div>
      <div
        class="MuiGrid-root MuiGrid-direction-xs-row MuiGrid-grid-xs-12 MuiGrid-grid-md-grow css-13jyfex-MuiGrid-root"
      >
        <div
          class="MuiContainer-root MuiContainer-maxWidthLg css-8wuzov-MuiContainer-root"
        >
          <mock-stream-player
            url="http://localhost"
          />
          <mock-previously-played-card />
        </div>
        <mock-jukebox />
        <div
          class="MuiTabs-root css-jhczcq-MuiTabs-root"
        >
          <div
            class="MuiTabs-scroller MuiTabs-fixed css-s2t35c-MuiTabs-scroller"
            style="overflow: hidden; margin-bottom: 0px;"
          >
            <div
              class="MuiTabs-list MuiTabs-flexContainer css-hzcega-MuiTabs-list"
              role="tablist"
            >
              <button
                aria-selected="true"
                class="MuiButtonBase-root MuiTab-root MuiTab-textColorPrimary Mui-selected css-1usuzwp-MuiButtonBase-root-MuiTab-root"
                role="tab"
                tabindex="0"
                type="button"
              >
                tracker
              </button>
              <button
                aria-selected="false"
                class="MuiButtonBase-root MuiTab-root MuiTab-textColorPrimary css-1usuzwp-MuiButtonBase-root-MuiTab-root"
                role="tab"
                tabindex="-1"
                type="button"
              >
                car twin
              </button>
            </div>
            <span
              class="MuiTabs-indicator css-1qltlow-MuiTabs-indicator"
              style="left: 0px; width: 0px;"
            />
          </div>
        </div>
        <div
          aria-labelledby="simple-tab-0"
          id="simple-tabpanel-0"
          role="tabpanel"
          style="margin-bottom: 20px;"
        >
          <mock-datalora />
        </div>
        <div
          aria-labelledby="simple-tab-1"
          hidden=""
          id="simple-tabpanel-1"
          role="tabpanel"
          style="margin-bottom: 20px;"
        />
        <mock-dockerstacklist-card />
        <mock-speedtest-card />
        <button
          class="MuiButtonBase-root MuiIconButton-root MuiIconButton-colorPrimary MuiIconButton-sizeMedium css-1svfwy9-MuiButtonBase-root-MuiIconButton-root"
          tabindex="0"
          title="Toggle light mode"
          type="button"
        >
          <svg
            aria-hidden="true"
            class="MuiSvgIcon-root MuiSvgIcon-fontSizeMedium css-1umw9bq-MuiSvgIcon-root"
            data-testid="AppsIcon"
            focusable="false"
            viewBox="0 0 24 24"
          >
            <path
              d="M4 8h4V4H4zm6 12h4v-4h-4zm-6 0h4v-4H4zm0-6h4v-4H4zm6 0h4v-4h-4zm6-10v4h4V4zm-6 4h4V4h-4zm6 6h4v-4h-4zm0 6h4v-4h-4z"
            />
          </svg>
        </button>
      </div>
      <div
        class="MuiGrid-root MuiGrid-direction-xs-row MuiGrid-grid-xs-12 MuiGrid-grid-md-5 css-16ebuf1-MuiGrid-root"
      >
        <mock-service-links-bar />
        <mock-docker />
        <mock-schedule />
        <mock-download-list />
        <mock-nextup />
        <mock-monit />
      </div>
    </div>
  </div>
</body>
`;
