// Jest Snapshot v1, https://goo.gl/fbAQLP

exports[`Dashboard page contains all the control components 1`] = `
<body>
  <div>
    <div
      class="MuiGrid-root MuiGrid-container MuiGrid-spacing-xs-2 css-1ru5qmv-MuiGrid-root-container"
    >
      <div
        class="MuiGrid-root MuiGrid-item MuiGrid-grid-xs-12 MuiGrid-grid-md-3 css-iv7vbz-MuiGrid-root"
      >
        <mock-switches-card />
        <mock-climatesensor-card />
        <mock-gaschart />
        <mock-homesec />
        <mock-url-to-music />
        <mock-log-card />
      </div>
      <div
        class="MuiGrid-root MuiGrid-item MuiGrid-grid-xs-12 MuiGrid-grid-md-true css-1p5zwaw-MuiGrid-root"
      >
        <div
          class="MuiContainer-root MuiContainer-maxWidthLg css-d93ppg-MuiContainer-root"
        >
          <mock-stream-player
            url="http://localhost"
          />
          <mock-previously-played-card />
        </div>
        <mock-jukebox />
        <div
          class="MuiTabs-root css-1ujnqem-MuiTabs-root"
        >
          <div
            class="MuiTabs-scroller MuiTabs-fixed css-jpln7h-MuiTabs-scroller"
            style="overflow: hidden; margin-bottom: 0px;"
          >
            <div
              class="MuiTabs-flexContainer css-heg063-MuiTabs-flexContainer"
              role="tablist"
            >
              <button
                aria-selected="true"
                class="MuiButtonBase-root MuiTab-root MuiTab-textColorPrimary Mui-selected css-1h9z7r5-MuiButtonBase-root-MuiTab-root"
                role="tab"
                tabindex="0"
                type="button"
              >
                tracker
                <span
                  class="MuiTouchRipple-root css-8je8zh-MuiTouchRipple-root"
                />
              </button>
              <button
                aria-selected="false"
                class="MuiButtonBase-root MuiTab-root MuiTab-textColorPrimary css-1h9z7r5-MuiButtonBase-root-MuiTab-root"
                role="tab"
                tabindex="-1"
                type="button"
              >
                car twin
                <span
                  class="MuiTouchRipple-root css-8je8zh-MuiTouchRipple-root"
                />
              </button>
            </div>
            <span
              class="MuiTabs-indicator css-1aquho2-MuiTabs-indicator"
              style="left: 0px; width: 0px;"
            />
          </div>
        </div>
        <div
          aria-labelledby="simple-tab-0"
          id="simple-tabpanel-0"
          role="tabpanel"
          style="margin-bottom: 20px;"
        >
          <mock-datalora />
        </div>
        <div
          aria-labelledby="simple-tab-1"
          hidden=""
          id="simple-tabpanel-1"
          role="tabpanel"
          style="margin-bottom: 20px;"
        />
        <mock-dockerstacklist-card />
        <mock-speedtest-card />
        <button
          class="MuiButtonBase-root MuiIconButton-root MuiIconButton-colorPrimary MuiIconButton-sizeMedium css-1kuq5xv-MuiButtonBase-root-MuiIconButton-root"
          tabindex="0"
          title="Toggle light mode"
          type="button"
        >
          <svg
            aria-hidden="true"
            class="MuiSvgIcon-root MuiSvgIcon-fontSizeMedium css-i4bv87-MuiSvgIcon-root"
            data-testid="AppsIcon"
            focusable="false"
            viewBox="0 0 24 24"
          >
            <path
              d="M4 8h4V4H4v4zm6 12h4v-4h-4v4zm-6 0h4v-4H4v4zm0-6h4v-4H4v4zm6 0h4v-4h-4v4zm6-10v4h4V4h-4zm-6 4h4V4h-4v4zm6 6h4v-4h-4v4zm0 6h4v-4h-4v4z"
            />
          </svg>
          <span
            class="MuiTouchRipple-root css-8je8zh-MuiTouchRipple-root"
          />
        </button>
      </div>
      <div
        class="MuiGrid-root MuiGrid-item MuiGrid-grid-xs-12 MuiGrid-grid-md-5 css-urj5pv-MuiGrid-root"
      >
        <mock-service-links-bar />
        <mock-docker />
        <mock-schedule />
        <mock-download-list />
        <mock-nextup />
        <mock-monit />
      </div>
    </div>
  </div>
</body>
`;
