// Jest Snapshot v1, https://goo.gl/fbAQLP

exports[`Dashboard page contains all the control components 1`] = `
<body>
  <div>
    <div
      class="MuiGrid-root makeStyles-container MuiGrid-container MuiGrid-spacing-xs-2"
    >
      <div
        class="MuiGrid-root MuiGrid-item MuiGrid-grid-xs-12 MuiGrid-grid-md-3"
      >
        <mock-switch-bar-list />
      </div>
      <div
        class="MuiGrid-root MuiGrid-item MuiGrid-grid-xs-12 MuiGrid-grid-md-true"
      >
        <div
          style="font-family: Roboto; max-width: 800px;"
        >
          <mock-stream-player
            url=""
          />
        </div>
        <mock-datalora />
        <div
          class="MuiBox-root MuiBox-root"
        />
        <mock-docker />
      </div>
      <div
        class="MuiGrid-root MuiGrid-item MuiGrid-grid-xs-12 MuiGrid-grid-md-3"
      >
        <mock-video-stream />
        <div
          class="MuiBox-root MuiBox-root"
        />
        <mock-download-list />
      </div>
      <div
        class="MuiGrid-root MuiGrid-item MuiGrid-grid-xs-12 MuiGrid-grid-md-2"
      >
        <mock-url-to-music />
        <div
          class="MuiBox-root MuiBox-root"
        />
        <mock-log-card />
      </div>
    </div>
  </div>
</body>
`;
