// Jest Snapshot v1, https://goo.gl/fbAQLP

exports[`Dashboard page contains all the control components 1`] = `
<body>
  <div>
    <div
      class="MuiGrid-root MuiGrid-container MuiGrid-spacing-xs-2"
    >
      <div
        class="MuiGrid-root MuiGrid-item MuiGrid-grid-xs-12 MuiGrid-grid-md-3"
      >
        <mock-switch-bar-list />
      </div>
      <div
        class="MuiGrid-root MuiGrid-item MuiGrid-grid-xs-12 MuiGrid-grid-md-6"
      >
        <div
          style="font-family: Roboto; max-width: 800px;"
        >
          <mock-stream-player
            url=""
          />
        </div>
      </div>
      <div
        class="MuiGrid-root MuiGrid-item MuiGrid-grid-xs-12 MuiGrid-grid-md-3"
      >
        <mock-log-card />
      </div>
    </div>
  </div>
</body>
`;
