// Jest Snapshot v1, https://jestjs.io/docs/snapshot-testing

exports[`UrlToMusic opens the dialog from a button 1`] = `
<DocumentFragment>
  <button
    aria-label="URL to Music"
    class="MuiButtonBase-root MuiIconButton-root MuiIconButton-sizeMedium css-53g0n7-MuiButtonBase-root-MuiIconButton-root"
    data-testid="open-urltomusic"
    tabindex="0"
    type="button"
  >
    <svg
      aria-hidden="true"
      class="MuiSvgIcon-root MuiSvgIcon-fontSizeMedium css-1umw9bq-MuiSvgIcon-root"
      data-testid="DownloadIcon"
      focusable="false"
      viewBox="0 0 24 24"
    >
      <path
        d="M5 20h14v-2H5zM19 9h-4V3H9v6H5l7 7z"
      />
    </svg>
    <span
      class="MuiTouchRipple-root css-r3djoj-MuiTouchRipple-root"
    >
      <span
        class="css-lzntsc-MuiTouchRipple-ripple MuiTouchRipple-ripple MuiTouchRipple-rippleVisible"
        style="width: 1px; height: 1px; top: -0.5px; left: -0.5px;"
      >
        <span
          class="MuiTouchRipple-child MuiTouchRipple-childLeaving"
        />
      </span>
      <span
        class="css-lzntsc-MuiTouchRipple-ripple MuiTouchRipple-ripple MuiTouchRipple-rippleVisible MuiTouchRipple-ripplePulsate"
        style="width: 1px; height: 1px; top: -0.5px; left: -0.5px;"
      >
        <span
          class="MuiTouchRipple-child MuiTouchRipple-childLeaving MuiTouchRipple-childPulsate"
        />
      </span>
    </span>
  </button>
</DocumentFragment>
`;
