// Jest Snapshot v1, https://jestjs.io/docs/snapshot-testing

exports[`HomeAutomation page contains the SwitchBarList 1`] = `
<body>
  <div>
    <div
      class="MuiStack-root css-hwnj0i-MuiStack-root"
    >
      <mock-switches-list />
      <mock-climatesensors-list />
    </div>
  </div>
</body>
`;
