// Jest Snapshot v1, https://goo.gl/fbAQLP

exports[`Streams page contains the stream player 1`] = `
<body>
  <div>
    <div
      class="MuiContainer-root MuiContainer-maxWidthLg css-d93ppg-MuiContainer-root"
    >
      <mock-stream-player
        url="http://localhost"
      />
    </div>
    <div
      class="MuiBox-root css-1yuhvjn"
    />
    <mock-jukebox />
  </div>
</body>
`;
