// Vitest Snapshot v1, https://vitest.dev/guide/snapshot.html

exports[`DataLora page > contains the Map component 1`] = `
<body>
  <div>
    <div
      class="MuiPaper-root MuiPaper-elevation MuiPaper-rounded MuiPaper-elevation1 css-1w0r2b1-MuiPaper-root-page"
      style="--Paper-shadow: 0px 2px 1px -1px rgba(0,0,0,0.2),0px 1px 1px 0px rgba(0,0,0,0.14),0px 1px 3px 0px rgba(0,0,0,0.12);"
    >
      <mock-map
        showchart=""
      />
    </div>
  </div>
</body>
`;
